// Jest Snapshot v1, https://goo.gl/fbAQLP

exports[` 1`] = `
<RCTSafeAreaView
  emulateUnlessSupported={true}
  style={
    Object {
      "backgroundColor": "#111111",
      "flex": 1,
    }
  }
  testID="login-page"
>
  <View
    style={
      Object {
        "flex": 1,
        "marginTop": 20,
      }
    }
  >
    <View
      style={
        Object {
          "alignItems": "center",
          "flex": 1,
          "marginTop": 12,
        }
      }
    >
      <SvgMock
        height={38}
        style={
          Object {
            "alignItems": "center",
            "flex": 1,
            "marginTop": 12,
          }
        }
        testID="logo-image"
        width={204}
      />
    </View>
  </View>
  <View
    style={
      Object {
        "backgroundColor": "#111111",
        "flex": 1,
        "marginHorizontal": 16,
      }
    }
  >
    <View
      style={
        Object {
          "alignItems": "center",
          "backgroundColor": "#F3F1F3",
          "borderRadius": 6,
          "flexDirection": "row",
          "height": 44,
          "justifyContent": "center",
          "marginVertical": 16,
        }
      }
    >
      <SvgMock
        style={
          Object {
            "marginLeft": 17,
          }
        }
      />
      <TextInput
        onChangeText={[Function]}
        onSubmitEditing={[Function]}
        placeholder="Email"
        placeholderTextColor="#828282"
        style={
          Object {
            "borderRadius": 6,
            "color": "#111111",
            "flex": 1,
            "marginHorizontal": 10,
          }
        }
        testID="email-input"
        value=""
      />
    </View>
    <View
      style={
        Object {
          "alignItems": "center",
          "backgroundColor": "#F3F1F3",
          "borderRadius": 6,
          "flexDirection": "row",
          "height": 44,
          "justifyContent": "center",
          "marginVertical": 16,
        }
      }
    >
      <SvgMock
        style={
          Object {
            "marginLeft": 17,
          }
        }
      />
      <TextInput
        autoCorrect={false}
        onChangeText={[Function]}
        onSubmitEditing={[Function]}
        placeholder="Password"
        placeholderTextColor="#828282"
        secureTextEntry={true}
        style={
          Object {
            "borderRadius": 6,
            "color": "#111111",
            "flex": 1,
            "marginHorizontal": 10,
          }
        }
        testID="password-input"
        value=""
      />
    </View>
    <View
      accessibilityState={
        Object {
          "disabled": false,
        }
      }
      accessible={true}
      collapsable={false}
      focusable={false}
      onClick={[Function]}
      onResponderGrant={[Function]}
      onResponderMove={[Function]}
      onResponderRelease={[Function]}
      onResponderTerminate={[Function]}
      onResponderTerminationRequest={[Function]}
      onStartShouldSetResponder={[Function]}
      style={
        Object {
          "alignContent": "center",
          "backgroundColor": "#2F80ED",
          "borderRadius": 6,
          "height": 48,
          "justifyContent": "center",
          "marginVertical": 16,
          "opacity": 1,
        }
      }
    >
      <Text
        style={
          Object {
            "fontSize": 16,
            "fontWeight": "600",
            "textAlign": "center",
          }
        }
      >
        Log In
      </Text>
    </View>
    <View
      accessible={true}
      collapsable={false}
      focusable={true}
      onClick={[Function]}
      onResponderGrant={[Function]}
      onResponderMove={[Function]}
      onResponderRelease={[Function]}
      onResponderTerminate={[Function]}
      onResponderTerminationRequest={[Function]}
      onStartShouldSetResponder={[Function]}
      style={
        Object {
          "color": "red",
          "marginHorizontal": 16,
          "opacity": 1,
        }
      }
      testID="navigate-to-register"
    >
      <Text
        style={
          Object {
            "color": "#2F80ED",
            "textAlign": "center",
            "textDecorationLine": "underline",
          }
        }
      >
        Create an account
      </Text>
    </View>
  </View>
</RCTSafeAreaView>
`;
